ERROR: [Loader Message] Code 0 : loader_get_json: Failed to open JSON file /usr/share/vulkan/icd.d/lvp_icd.x86_64.json
ERROR: [Loader Message] Code 0 : vkCreateInstance: Found no drivers!
Cannot create Vulkan instance.
This problem is often caused by a faulty installation of the Vulkan driver or attempting to use a GPU that does not support Vulkan.
ERROR at ./vulkaninfo/./vulkaninfo.h:458:vkCreateInstance failed with ERROR_INCOMPATIBLE_DRIVER
could not load cursor 'dnd-move'
could not load cursor 'dnd-copy'
could not load cursor 'dnd-move'
could not load cursor 'dnd-none'
could not load cursor 'dnd-copy'
could not load cursor 'dnd-none'
Running platform args: XDG_SESSION_TYPE=wayland FIGDRAW_FORCE_OPENGL=0 
Hint: used config file '/home/runner/.local/share/grabnim/nim-2.2.6/config/nim.cfg' [Conf]
Hint: used config file '/home/runner/.local/share/grabnim/nim-2.2.6/config/config.nims' [Conf]
Hint: used config file '/home/runner/work/figdraw/figdraw/nim.cfg' [Conf]
Hint: used config file '/home/runner/work/figdraw/figdraw/config.nims' [Conf]
Hint: used config file '/home/runner/work/figdraw/figdraw/tests/config.nims' [Conf]
........................................................................................................................................................................................................................
/home/runner/work/figdraw/figdraw/src/figdraw/common/uimaths.nim(1, 13) Warning: imported and not used: 'strutils' [UnusedImport]
/home/runner/work/figdraw/figdraw/src/figdraw/common/uimaths.nim(1, 29) Warning: imported and not used: 'hashes' [UnusedImport]
/home/runner/work/figdraw/figdraw/src/figdraw/common/shared.nim(2, 13) Warning: imported and not used: 'unicode' [UnusedImport]
........................................
/home/runner/work/figdraw/figdraw/src/figdraw/common/imgutils.nim(11, 8) Warning: imported and not used: 'fonttypes' [UnusedImport]
/home/runner/work/figdraw/figdraw/src/figdraw/common/imgutils.nim(1, 17) Warning: imported and not used: 'unicode' [UnusedImport]
/home/runner/work/figdraw/figdraw/src/figdraw/common/imgutils.nim(1, 26) Warning: imported and not used: 'sequtils' [UnusedImport]
/home/runner/work/figdraw/figdraw/src/figdraw/common/imgutils.nim(1, 36) Warning: imported and not used: 'tables' [UnusedImport]
/home/runner/work/figdraw/figdraw/src/figdraw/common/imgutils.nim(4, 12) Warning: imported and not used: 'vmath' [UnusedImport]
/home/runner/work/figdraw/figdraw/src/figdraw/common/imgutils.nim(6, 18) Warning: imported and not used: 'fonts' [UnusedImport]
..
/home/runner/work/figdraw/figdraw/src/figdraw/common/typefaces.nim(214, 6) Hint: 'snapFontSizeDown' is declared but not used [XDeclaredButNotUsed]
/home/runner/work/figdraw/figdraw/src/figdraw/common/typefaces.nim(1, 12) Warning: imported and not used: 'isolation' [UnusedImport]
/home/runner/work/figdraw/figdraw/src/figdraw/common/typefaces.nim(12, 8) Warning: imported and not used: 'imgutils' [UnusedImport]
/home/runner/work/figdraw/figdraw/src/figdraw/common/typefaces.nim(6, 12) Warning: imported and not used: 'vmath' [UnusedImport]
/home/runner/work/figdraw/figdraw/src/figdraw/common/typefaces.nim(11, 8) Warning: imported and not used: 'rchannels' [UnusedImport]
.
/home/runner/work/figdraw/figdraw/src/figdraw/common/fontglyphs.nim(1, 13) Warning: imported and not used: 'os' [UnusedImport]
/home/runner/work/figdraw/figdraw/src/figdraw/common/fontglyphs.nim(9, 8) Warning: imported and not used: 'rchannels' [UnusedImport]
/home/runner/work/figdraw/figdraw/src/figdraw/common/fontglyphs.nim(2, 12) Warning: imported and not used: 'isolation' [UnusedImport]
/home/runner/work/figdraw/figdraw/src/figdraw/common/fontglyphs.nim(1, 36) Warning: imported and not used: 'tables' [UnusedImport]
/home/runner/work/figdraw/figdraw/src/figdraw/common/fontglyphs.nim(1, 44) Warning: imported and not used: 'strutils' [UnusedImport]
/home/runner/work/figdraw/figdraw/src/figdraw/common/fontglyphs.nim(1, 54) Warning: imported and not used: 'sets' [UnusedImport]
/home/runner/work/figdraw/figdraw/src/figdraw/common/fontutils.nim(92, 5) Hint: 'minSz' is declared but not used [XDeclaredButNotUsed]
/home/runner/work/figdraw/figdraw/src/figdraw/common/fontutils.nim(215, 9) Hint: 'scaledPos' is declared but not used [XDeclaredButNotUsed]
/home/runner/work/figdraw/figdraw/src/figdraw/common/fontutils.nim(1, 13) Warning: imported and not used: 'os' [UnusedImport]
/home/runner/work/figdraw/figdraw/src/figdraw/common/fontutils.nim(9, 8) Warning: imported and not used: 'rchannels' [UnusedImport]
/home/runner/work/figdraw/figdraw/src/figdraw/common/fontutils.nim(10, 8) Warning: imported and not used: 'imgutils' [UnusedImport]
/home/runner/work/figdraw/figdraw/src/figdraw/common/fontutils.nim(1, 36) Warning: imported and not used: 'tables' [UnusedImport]
/home/runner/work/figdraw/figdraw/src/figdraw/common/fontutils.nim(1, 44) Warning: imported and not used: 'strutils' [UnusedImport]
/home/runner/work/figdraw/figdraw/src/figdraw/common/fontutils.nim(1, 54) Warning: imported and not used: 'sets' [UnusedImport]
/home/runner/work/figdraw/figdraw/src/figdraw/common/fontutils.nim(2, 12) Warning: imported and not used: 'isolation' [UnusedImport]
...
/home/runner/work/figdraw/figdraw/src/figdraw/fignodes.nim(50, 12) Warning: Fig node size: 216 [User]
...........................................
/home/runner/work/figdraw/figdraw/src/figdraw/utils/drawutils.nim(12, 6) Hint: 'hash' is declared but not used [XDeclaredButNotUsed]
/home/runner/work/figdraw/figdraw/src/figdraw/utils/drawutils.nim(9, 6) Hint: 'hash' is declared but not used [XDeclaredButNotUsed]
/home/runner/work/figdraw/figdraw/src/figdraw/utils/drawutils.nim(6, 12) Warning: imported and not used: 'chroma' [UnusedImport]
/home/runner/work/figdraw/figdraw/src/figdraw/utils/drawutils.nim(7, 12) Warning: imported and not used: 'chronicles' [UnusedImport]
/home/runner/work/figdraw/figdraw/src/figdraw/utils/drawextras.nim(32, 5) Hint: 'actualCornerW' is declared but not used [XDeclaredButNotUsed]
/home/runner/work/figdraw/figdraw/src/figdraw/utils/drawextras.nim(33, 5) Hint: 'actualCornerH' is declared but not used [XDeclaredButNotUsed]
/home/runner/work/figdraw/figdraw/src/figdraw/utils/drawextras.nim(2, 12) Warning: imported and not used: 'hashes' [UnusedImport]
/home/runner/work/figdraw/figdraw/src/figdraw/utils/drawextras.nim(11, 8) Warning: imported and not used: 'drawutils' [UnusedImport]
/home/runner/work/figdraw/figdraw/src/figdraw/utils/drawextras.nim(8, 12) Warning: imported and not used: 'chronicles' [UnusedImport]
/home/runner/work/figdraw/figdraw/src/figdraw/utils/drawextras.nim(7, 12) Warning: imported and not used: 'chroma' [UnusedImport]
..
/home/runner/work/figdraw/figdraw/src/figdraw/vulkan/vulkan_context.nim(25, 26) Error: cannot open file: shaders/sdf.vert.spv
stack trace: (most recent call last)
/home/runner/.local/share/grabnim/nim-2.2.6/lib/system/nimscript.nim(427, 18)
/home/runner/work/figdraw/figdraw/config.nims(41, 16) testTask
/home/runner/work/figdraw/figdraw/config.nims(16, 7) nimExec
/home/runner/.local/share/grabnim/nim-2.2.6/lib/system/nimscript.nim(264, 7) exec
/home/runner/.local/share/grabnim/nim-2.2.6/lib/system/nimscript.nim(264, 7) Error: unhandled exception: FAILED: XDG_SESSION_TYPE=wayland FIGDRAW_FORCE_OPENGL=0 nim r   tests/trender_rgb_boxes_sdf_siwin.nim [OSError]

